// Jest Snapshot v1, https://goo.gl/fbAQLP

exports[`Sidebar tabs tests Sidebar tabs snapshot 1`] = `
<div
  class="tabs-container container-sidebar"
>
  <div
    class="tab-headers-container-sidebar"
  >
    <div
      class="white-theme-active active-tab-header"
    >
      
      Tab 1
    
    </div>
    <div
      class="white-theme-inactive inactive-tab-header"
    >
      
      Tab 2
    
    </div>
  </div>
  <div
    class="tab-body-container-sidebar"
  >
    
     Tab 1 body
    
  </div>
</div>
`;
